###############################################################################
#
# IAR ELF Linker V7.30.1.7746/W32 for ARM                 19/Jun/2015  12:55:15
# Copyright 2007-2014 IAR Systems AB.
#
#    Output file  =  
#        D:\Texas Instruments\AbleCloudDemo_MAC\ewarm\Exe\AbleCloudDemo.out
#    Map file     =  
#        D:\Texas Instruments\AbleCloudDemo_MAC\ewarm\List\AbleCloudDemo.map
#    Command line =  
#        "D:\Texas Instruments\AbleCloudDemo_MAC\ewarm\Obj\ac_api.o" "D:\Texas
#        Instruments\AbleCloudDemo_MAC\ewarm\Obj\ac_common.o" "D:\Texas
#        Instruments\AbleCloudDemo_MAC\ewarm\Obj\ac_hal.o" "D:\Texas
#        Instruments\AbleCloudDemo_MAC\ewarm\Obj\crc.o" "D:\Texas
#        Instruments\AbleCloudDemo_MAC\ewarm\Obj\Iot_Key.o" "D:\Texas
#        Instruments\AbleCloudDemo_MAC\ewarm\Obj\Iot_Timer.o" "D:\Texas
#        Instruments\AbleCloudDemo_MAC\ewarm\Obj\Iot_Uart.o" "D:\Texas
#        Instruments\AbleCloudDemo_MAC\ewarm\Obj\main.o" "D:\Texas
#        Instruments\AbleCloudDemo_MAC\ewarm\Obj\startup_ewarm.o" "D:\Texas
#        Instruments\AbleCloudDemo_MAC\ewarm\Obj\uartstdio.o" --redirect
#        _Printf=_PrintfTiny --redirect _Scanf=_ScanfSmall -o "D:\Texas
#        Instruments\AbleCloudDemo_MAC\ewarm\Exe\AbleCloudDemo.out" --map
#        "D:\Texas Instruments\AbleCloudDemo_MAC\ewarm\List\AbleCloudDemo.map"
#        --config "D:\Texas Instruments\AbleCloudDemo_MAC\AbleCloudDemo.icf"
#        --semihosting "D:\Texas
#        Instruments\AbleCloudDemo_MAC\driverlib\ewarm\Exe\driverlib.a" --entry
#        __iar_program_start --vfe
#
###############################################################################

*******************************************************************************
*** RUNTIME MODEL ATTRIBUTES
***

CppFlavor       = *
__SystemLibrary = DLib


*******************************************************************************
*** PLACEMENT SUMMARY
***

"A1":  place at start of [0x00000000-0x0003ffff] { ro section .intvec };
"P1":  place in [from 0x00000000 to 0x0003ffff] { ro };
"P2":  place in [from 0x20000000 to 0x20007fff] { rw, block HEAP };

  Section            Kind        Address    Size  Object
  -------            ----        -------    ----  ------
"A1":                                      0x26c
  .intvec            const    0x00000000   0x26c  startup_ewarm.o [1]
                            - 0x0000026c   0x26c

"P1":                                     0x1ce4
  .text              ro code  0x0000026c   0x56c  Iot_Uart.o [1]
  .text              ro code  0x000007d8    0xee  uart.o [4]
  .text              ro code  0x000008c6    0x2e  copy_init3.o [6]
  .text              ro code  0x000008f4   0x2dc  uartstdio.o [1]
  .text              ro code  0x00000bd0   0x148  interrupt.o [4]
  .text              ro code  0x00000d18    0x66  ABImemset.o [6]
  .text              ro code  0x00000d7e    0x22  zero_init3.o [6]
  .text              ro code  0x00000da0   0x3ba  ac_api.o [1]
  .text              ro code  0x0000115c    0x10  cpu.o [4]
  .text              ro code  0x0000116c   0x116  ac_common.o [1]
  .text              ro code  0x00001284    0x76  ABImemcpy_unaligned.o [6]
  .text              ro code  0x000012fa    0x58  crc.o [1]
  .text              ro code  0x00001354   0x2bc  ac_hal.o [1]
  .text              ro code  0x00001610    0x1e  U64Shr.o [6]
  .text              ro code  0x00001630    0x22  I64Shl.o [6]
  .text              ro code  0x00001654   0x1c2  gpio.o [4]
  .text              ro code  0x00001818   0x1dc  sysctl.o [4]
  .text              ro code  0x000019f4   0x128  Iot_Key.o [1]
  .text              ro code  0x00001b1c    0x96  main.o [1]
  .text              ro code  0x00001bb4    0x8c  Iot_Timer.o [1]
  .text              ro code  0x00001c40    0x8e  timer.o [4]
  .text              ro code  0x00001cd0    0x28  data_init.o [6]
  .rodata            const    0x00001cf8    0x24  ac_api.o [1]
  .rodata            const    0x00001d1c    0x24  ac_hal.o [1]
  .text              ro code  0x00001d40    0x22  fpinit_M.o [5]
  .iar.init_table    const    0x00001d64    0x24  - Linker created -
  .text              ro code  0x00001d88    0x1e  startup_ewarm.o [1]
  .text              ro code  0x00001da6     0xc  cstartup_M.o [6]
  .text              ro code  0x00001db4    0x1a  cmain.o [6]
  .text              ro code  0x00001dce     0x4  low_level_init.o [3]
  .text              ro code  0x00001dd2     0x4  exit.o [3]
  .text              ro code  0x00001dd8     0xa  cexit.o [6]
  .text              ro code  0x00001de4    0x14  exit.o [7]
  .rodata            const    0x00001df8    0x14  ac_hal.o [1]
  .rodata            const    0x00001e0c    0x14  ac_hal.o [1]
  .rodata            const    0x00001e20    0x14  ac_hal.o [1]
  .rodata            const    0x00001e34    0x14  uartstdio.o [1]
  .rodata            const    0x00001e48    0x10  ac_hal.o [1]
  .rodata            const    0x00001e58    0x10  ac_hal.o [1]
  .rodata            const    0x00001e68    0x10  ac_hal.o [1]
  .rodata            const    0x00001e78     0xc  ac_hal.o [1]
  .rodata            const    0x00001e84     0xc  uartstdio.o [1]
  .rodata            const    0x00001e90     0xc  uartstdio.o [1]
  .rodata            const    0x00001e9c     0x8  ac_hal.o [1]
  .rodata            const    0x00001ea4     0x8  ac_hal.o [1]
  .rodata            const    0x00001eac     0x8  uartstdio.o [1]
  .rodata            const    0x00001eb4     0x4  ac_hal.o [1]
  .rodata            const    0x00001eb8     0x4  uartstdio.o [1]
  .rodata            const    0x00001ebc     0x0  zero_init3.o [6]
  .rodata            const    0x00001ebc     0x0  copy_init3.o [6]
  Initializer bytes  ro data  0x00001ebc    0x94  <for P2 s0> (used: 0x90)
                            - 0x00001f50  0x1ce4

"P2":                                      0xc18
  P2 s0                       0x20000000    0x90  <Init block>
    .data            inited   0x20000000    0x70  ac_hal.o [1]
    .data            inited   0x20000070     0x8  ac_hal.o [1]
    .data            inited   0x20000078     0x8  Iot_Uart.o [1]
    .data            inited   0x20000080     0x8  Iot_Uart.o [1]
    .data            inited   0x20000088     0x4  Iot_Timer.o [1]
    .data            inited   0x2000008c     0x2  Iot_Uart.o [1]
  .bss               zero     0x20000090   0x400  Iot_Uart.o [1]
  .bss               zero     0x20000490   0x400  Iot_Uart.o [1]
  .bss               zero     0x20000890    0xc8  ac_api.o [1]
  .bss               zero     0x20000958    0x94  Iot_Uart.o [1]
  .bss               zero     0x200009ec    0x10  ac_hal.o [1]
  .bss               zero     0x200009fc     0x4  ac_hal.o [1]
  .bss               zero     0x20000a00     0x4  ac_hal.o [1]
  .bss               zero     0x20000a04     0x4  ac_hal.o [1]
  .bss               zero     0x20000a08     0x4  Iot_Key.o [1]
  .bss               zero     0x20000a0c     0x4  Iot_Timer.o [1]
  .bss               zero     0x20000a10     0x4  uartstdio.o [1]
  .bss               zero     0x20000a14     0x2  Iot_Uart.o [1]
  .bss               zero     0x20000a16     0x1  Iot_Uart.o [1]
  .bss               zero     0x20000a17     0x1  Iot_Uart.o [1]
  .noinit            uninit   0x20000a18   0x200  startup_ewarm.o [1]
                            - 0x20000c18   0xc18


*******************************************************************************
*** INIT TABLE
***

          Address     Size
          -------     ----
Zero (__iar_zero_init3)
    1 destination range, total size 0x988:
          0x20000090  0x988

Copy (__iar_copy_init3)
    1 source range, total size 0x94 (104% of destination):
          0x00001ebc   0x94
    1 destination range, total size 0x8e:
          0x20000000   0x8e



*******************************************************************************
*** MODULE SUMMARY
***

    Module                 ro code  ro data  rw data
    ------                 -------  -------  -------
D:\Texas Instruments\AbleCloudDemo_MAC\ewarm\Obj: [1]
    Iot_Key.o                  296                 4
    Iot_Timer.o                140        4        8
    Iot_Uart.o               1 388       18    2 218
    ac_api.o                   954       36      200
    ac_common.o                278
    ac_hal.o                   700      296      148
    crc.o                       88
    main.o                     150
    startup_ewarm.o             30      620      512
    uartstdio.o                732       56        4
    ------------------------------------------------
    Total:                   4 756    1 030    3 094

command line: [2]
    ------------------------------------------------
    Total:

dl7M_tln.a: [3]
    exit.o                       4
    low_level_init.o             4
    ------------------------------------------------
    Total:                       8

driverlib.a: [4]
    cpu.o                       16
    gpio.o                     450
    interrupt.o                328
    sysctl.o                   476
    timer.o                    142
    uart.o                     238
    ------------------------------------------------
    Total:                   1 650

m7M_tlv.a: [5]
    fpinit_M.o                  34
    ------------------------------------------------
    Total:                      34

rt7M_tl.a: [6]
    ABImemcpy_unaligned.o      118
    ABImemset.o                102
    I64Shl.o                    34
    U64Shr.o                    30
    cexit.o                     10
    cmain.o                     26
    copy_init3.o                46
    cstartup_M.o                12
    data_init.o                 40
    zero_init3.o                34
    ------------------------------------------------
    Total:                     452

shb_l.a: [7]
    exit.o                      20
    ------------------------------------------------
    Total:                      20

    Gaps                        22        2
    Linker created                       42
----------------------------------------------------
    Grand Total:             6 942    1 074    3 094


*******************************************************************************
*** ENTRY LIST
***

Entry                      Address   Size  Type      Object
-----                      -------   ----  ----      ------
?main                   0x00001db5         Code  Gb  cmain.o [6]
AC_BlinkLed             0x0000154b   0x12  Code  Gb  ac_hal.o [1]
AC_BuildMessage         0x00000e59   0x9c  Code  Gb  ac_api.o [1]
AC_BuildOption          0x00000da1   0xb8  Code  Gb  ac_api.o [1]
AC_CheckCrc             0x00001093   0x44  Code  Gb  ac_api.o [1]
AC_ConfigWifi           0x000013cf   0x9e  Code  Gb  ac_hal.o [1]
AC_DealEvent            0x0000151b   0x1a  Code  Gb  ac_hal.o [1]
AC_DealLed              0x0000155d   0x46  Code  Gb  ac_hal.o [1]
AC_DealNotifyMessage    0x00001497   0x72  Code  Gb  ac_hal.o [1]
AC_DealOtaMessage       0x00001509   0x12  Code  Gb  ac_hal.o [1]
AC_GetStoreStatus       0x000015a3   0x1c  Code  Gb  ac_hal.o [1]
AC_HtoNl                0x0000118d   0x26  Code  Gb  ac_common.o [1]
AC_HtoNlu64             0x000011cd   0xb6  Code  Gb  ac_common.o [1]
AC_HtoNs                0x000011b3   0x1a  Code  Gb  ac_common.o [1]
AC_Init                 0x00001397   0x38  Code  Gb  ac_hal.o [1]
AC_ParseOption          0x00001023   0x70  Code  Gb  ac_api.o [1]
AC_RecvMessage          0x000010e1   0x7a  Code  Gb  ac_api.o [1]
AC_SendAckMsg           0x00000fcf   0x2e  Code  Gb  ac_api.o [1]
AC_SendDeviceConfig     0x00000f1b   0x2c  Code  Gb  ac_api.o [1]
AC_SendDeviceRegsiter   0x00000f47   0x88  Code  Gb  ac_api.o [1]
AC_SendDeviceStart      0x00000ef5   0x26  Code  Gb  ac_api.o [1]
AC_SendLedStatus2Server
                        0x00001355   0x42  Code  Gb  ac_hal.o [1]
AC_SendMessage          0x0000146d   0x2a  Code  Gb  ac_hal.o [1]
AC_SendRestMsg          0x00000ffd   0x26  Code  Gb  ac_api.o [1]
AC_StoreStatus          0x00001535   0x16  Code  Gb  ac_hal.o [1]
AC_checkCPUendian       0x0000116d   0x1a  Code  Gb  ac_common.o [1]
CPUcpsid                0x0000115d    0x8  Code  Gb  cpu.o [4]
CPUcpsie                0x00001165    0x8  Code  Gb  cpu.o [4]
ClockInit               0x00001b1d   0x2c  Code  Gb  main.o [1]
ConfigureUART0          0x0000026d   0x70  Code  Gb  Iot_Uart.o [1]
ConfigureUART1          0x000002dd   0xa4  Code  Gb  Iot_Uart.o [1]
FaultISR                0x00001da3    0x2  Code  Lc  startup_ewarm.o [1]
GPIODirModeSet          0x00001655   0x28  Code  Gb  gpio.o [4]
GPIOIntClear            0x000017dd    0x6  Code  Gb  gpio.o [4]
GPIOIntEnable           0x000017c7    0x6  Code  Gb  gpio.o [4]
GPIOIntStatus           0x000017cd   0x10  Code  Gb  gpio.o [4]
GPIOIntTypeSet          0x0000167d   0x4c  Code  Gb  gpio.o [4]
GPIOPadConfigSet        0x000016c9   0xfe  Code  Gb  gpio.o [4]
GPIOPinRead             0x000017e3    0x6  Code  Gb  gpio.o [4]
GPIOPinTypeGPIOInput    0x000017f3   0x14  Code  Gb  gpio.o [4]
GPIOPinWrite            0x000017e9    0x6  Code  Gb  gpio.o [4]
IntDefaultHandler       0x00001da5    0x2  Code  Lc  startup_ewarm.o [1]
IntEnable               0x00000c0b   0x56  Code  Gb  interrupt.o [4]
IntMasterDisable        0x00000bd9    0x6  Code  Gb  interrupt.o [4]
IntMasterEnable         0x00000bd1    0x8  Code  Gb  interrupt.o [4]
IntPrioritySet          0x00000be7   0x24  Code  Gb  interrupt.o [4]
KeyInit                 0x00001a9b   0x66  Code  Gb  Iot_Key.o [1]
KeyIntHandle            0x000019f5   0xa6  Code  Gb  Iot_Key.o [1]
NmiSR                   0x00001da1    0x2  Code  Lc  startup_ewarm.o [1]
PeriodicTimerInit       0x00001bef   0x3a  Code  Gb  Iot_Timer.o [1]
PrintCmdPrefix          0x20000078    0x8  Data  Gb  Iot_Uart.o [1]
ProcessWifiMsg          0x000006c1   0xbc  Code  Gb  Iot_Uart.o [1]
PureDataPrefix          0x20000080    0x8  Data  Gb  Iot_Uart.o [1]
Region$$Table$$Base     0x00001d64          --   Gb  - Linker created -
Region$$Table$$Limit    0x00001d88          --   Gb  - Linker created -
ResetISR                0x00001d89   0x14  Code  Gb  startup_ewarm.o [1]
Sleep                   0x00001b61   0x20  Code  Gb  main.o [1]
SysCtlClockGet          0x0000183d  0x11a  Code  Gb  sysctl.o [4]
SysCtlDelay             0x00001835    0x8  Code  Gb  sysctl.o [4]
SysCtlPeripheralEnable  0x00001819    0x8  Code  Gb  sysctl.o [4]
Timer0AIntHandler       0x00001bb5   0x3a  Code  Gb  Iot_Timer.o [1]
TimerConfigure          0x00001c4d   0x52  Code  Gb  timer.o [4]
TimerEnable             0x00001c41    0xc  Code  Gb  timer.o [4]
TimerInit               0x00001c39    0x8  Code  Gb  Iot_Timer.o [1]
TimerIntClear           0x00001ccb    0x4  Code  Gb  timer.o [4]
TimerIntEnable          0x00001cc1    0x4  Code  Gb  timer.o [4]
TimerLoadSet            0x00001cb1   0x10  Code  Gb  timer.o [4]
UART1Port               0x20000958   0x94  Data  Gb  Iot_Uart.o [1]
UART1RxBuf              0x20000090  0x400  Data  Gb  Iot_Uart.o [1]
UART1_ISR               0x00000411  0x2b0  Code  Gb  Iot_Uart.o [1]
UARTBusy                0x000008a3    0xa  Code  Gb  uart.o [4]
UARTCharGetNonBlocking  0x00000883   0x10  Code  Gb  uart.o [4]
UARTCharPutNonBlocking  0x00000893   0x10  Code  Gb  uart.o [4]
UARTCharsAvail          0x0000086f    0x6  Code  Gb  uart.o [4]
UARTClockSourceSet      0x000008c1    0x6  Code  Gb  uart.o [4]
UARTConfigSetExpClk     0x000007df   0x4c  Code  Gb  uart.o [4]
UARTDisable             0x00000845   0x1e  Code  Gb  uart.o [4]
UARTEnable              0x0000082b   0x1a  Code  Gb  uart.o [4]
UARTFIFOLevelSet        0x000007d9    0x6  Code  Gb  uart.o [4]
UARTIntClear            0x000008bd    0x4  Code  Gb  uart.o [4]
UARTIntEnable           0x000008ad    0x6  Code  Gb  uart.o [4]
UARTIntStatus           0x000008b3    0xa  Code  Gb  uart.o [4]
UARTRx_Buf_Init         0x0000038f   0x24  Code  Gb  Iot_Uart.o [1]
UARTSpaceAvail          0x00000875    0x4  Code  Gb  uart.o [4]
UARTStdioConfig         0x000008f5   0x56  Code  Gb  uartstdio.o [1]
UARTprintf              0x00000bb9   0x18  Code  Gb  uartstdio.o [1]
UARTvprintf             0x00000983  0x214  Code  Gb  uartstdio.o [1]
UARTwrite               0x0000094b   0x38  Code  Gb  uartstdio.o [1]
UartGetChar             0x00000381    0xe  Code  Gb  Iot_Uart.o [1]
UartInit                0x000003b3   0x28  Code  Gb  Iot_Uart.o [1]
UartSend                0x000003db   0x36  Code  Gb  Iot_Uart.o [1]
__aeabi_llsl            0x00001631         Code  Gb  I64Shl.o [6]
__aeabi_llsr            0x00001611         Code  Gb  U64Shr.o [6]
__aeabi_memset          0x00000d19         Code  Gb  ABImemset.o [6]
__cmain                 0x00001db5         Code  Gb  cmain.o [6]
__exit                  0x00001de5   0x14  Code  Gb  exit.o [7]
__iar_Memset            0x00000d19         Code  Gb  ABImemset.o [6]
__iar_Memset_word       0x00000d21         Code  Gb  ABImemset.o [6]
__iar_copy_init3        0x000008c7   0x2e  Code  Gb  copy_init3.o [6]
__iar_data_init3        0x00001cd1   0x28  Code  Gb  data_init.o [6]
__iar_init_vfp          0x00001d41         Code  Gb  fpinit_M.o [5]
__iar_program_start     0x00001da7         Code  Gb  cstartup_M.o [6]
__iar_unaligned___aeabi_memcpy
                        0x00001285         Code  Gb  ABImemcpy_unaligned.o [6]
__iar_unaligned___aeabi_memcpy4
                        0x000012a5         Code  Gb  ABImemcpy_unaligned.o [6]
__iar_unaligned___aeabi_memcpy8
                        0x000012a5         Code  Gb  ABImemcpy_unaligned.o [6]
__iar_zero_init3        0x00000d7f   0x22  Code  Gb  zero_init3.o [6]
__low_level_init        0x00001dcf    0x4  Code  Gb  low_level_init.o [3]
__vector_table          0x00000000  0x26c  Data  Gb  startup_ewarm.o [1]
_call_main              0x00001dc1         Code  Gb  cmain.o [6]
_exit                   0x00001dd9         Code  Gb  cexit.o [6]
_main                   0x00001dcb         Code  Gb  cmain.o [6]
crc16_ccitt             0x00001341   0x12  Code  Gb  crc.o [1]
crc_cal_by_bit          0x000012fb   0x46  Code  Gb  crc.o [1]
exit                    0x00001dd3    0x4  Code  Gb  exit.o [3]
g_pcHex                 0x00001eb8    0x4  Data  Lc  uartstdio.o [1]
g_pui32EnRegs           0x00000d04   0x14  Data  Lc  interrupt.o [4]
g_pui32Regs             0x00000c68   0x9c  Data  Lc  interrupt.o [4]
g_pui32Xtals            0x00001988   0x6c  Data  Lc  sysctl.o [4]
g_u32CloudStatus        0x20000a00    0x4  Data  Gb  ac_hal.o [1]
g_u32PeriodicReportTimer
                        0x20000088    0x4  Data  Gb  Iot_Timer.o [1]
g_u32Timer0BReportCounter
                        0x20000a0c    0x4  Data  Lc  Iot_Timer.o [1]
g_u32WifiPowerStatus    0x20000a04    0x4  Data  Gb  ac_hal.o [1]
g_u64Domain             0x20000070    0x8  Data  Gb  ac_hal.o [1]
g_u8DeviceId            0x200009ec   0x10  Data  Gb  ac_hal.o [1]
g_u8EqVersion           0x200009fc    0x4  Data  Gb  ac_hal.o [1]
g_u8ModuleKey           0x20000000   0x70  Data  Gb  ac_hal.o [1]
g_u8MsgBuildBuffer      0x20000890   0xc8  Data  Gb  ac_api.o [1]
g_ui32Base              0x20000a10    0x4  Data  Lc  uartstdio.o [1]
g_ui32UARTBase          0x00001e84    0xc  Data  Lc  uartstdio.o [1]
g_ui32UARTPeriph        0x00001e90    0xc  Data  Lc  uartstdio.o [1]
g_vu32Key               0x20000a08    0x4  Data  Gb  Iot_Key.o [1]
main                    0x00001b81   0x32  Code  Gb  main.o [1]
pCmdWifiBuf             0x20000490  0x400  Data  Gb  Iot_Uart.o [1]
pui32Stack              0x20000a18  0x200  Data  Lc  startup_ewarm.o [1]


[1] = D:\Texas Instruments\AbleCloudDemo_MAC\ewarm\Obj
[2] = command line
[3] = dl7M_tln.a
[4] = driverlib.a
[5] = m7M_tlv.a
[6] = rt7M_tl.a
[7] = shb_l.a

  6 942 bytes of readonly  code memory
  1 074 bytes of readonly  data memory
  3 094 bytes of readwrite data memory

Errors: none
Warnings: none
